// Jest Snapshot v1, https://goo.gl/fbAQLP

exports[`FilmsDisplay should match the snapshot 1`] = `
<div
  className="movie-container"
>
  <Film
    key="1"
    photo="https://fesapusewebsite.blob.core.windows.net/fathom/castleinthesky-1000x1480-r3-f6aba65dfc41c4fc47fc9289c1674057.jpg"
  />
  <Film
    key="2"
    photo="http://barkerhost.com/wp-content/uploads/sites/4/2015/04/bwVhmPpydv8P7mWfrmL3XVw0MV5-0.jpg"
  />
</div>
`;
